ERC report (2024-08-29T22:42:45+0300, Encoding UTF8)

***** Sheet /

***** Sheet /Slot/

***** Sheet /Output shiftreg/

***** Sheet /Output shiftreg/DOA1/

***** Sheet /Output shiftreg/DOA1/Digital output/

***** Sheet /Output shiftreg/DOA1/Digital output1/

***** Sheet /Output shiftreg/DOA1/Digital output2/

***** Sheet /Output shiftreg/DOA1/Digital output3/

***** Sheet /Output shiftreg/DOA2/

***** Sheet /Output shiftreg/DOA2/Digital output2/

***** Sheet /Output shiftreg/DOA2/Digital output3/

***** Sheet /Output shiftreg/DOA2/Digital output/

***** Sheet /Output shiftreg/DOA2/Digital output1/

***** Sheet /Output shiftreg/DOB1/

***** Sheet /Output shiftreg/DOB1/Digital output1/

***** Sheet /Output shiftreg/DOB1/Digital output3/

***** Sheet /Output shiftreg/DOB1/Digital output2/

***** Sheet /Output shiftreg/DOB1/Digital output/

***** Sheet /Output shiftreg/DOB2/

***** Sheet /Output shiftreg/DOB2/Digital output1/

***** Sheet /Output shiftreg/DOB2/Digital output3/

***** Sheet /Output shiftreg/DOB2/Digital output2/

***** Sheet /Output shiftreg/DOB2/Digital output/

***** Sheet /Input shiftreg/

***** Sheet /Input shiftreg/DI4/

***** Sheet /Input shiftreg/DI5/

***** Sheet /Input shiftreg/DI6/

***** Sheet /Input shiftreg/DI7/

 ** ERC messages: 0  Errors 0  Warnings 0
